[1/9] index.qmd


processing file: index.qmd
1/3               
2/3 [welcome-plot]
3/3               
output file: index.knit.md

[2/9] chapters\01-intro.qmd


processing file: 01-intro.qmd
1output file: 01-intro.knit.md

/3                
2/3 [ppdac-diagram]
3/3                
[3/9] chapters\02-data-types.qmd


processing file: 02-data-types.qmd
1/5                     
2/5 [data-types-tree]   
3/5                     
4/5 [data-types-example]
5/5                     
output file: 02-data-types.knit.md

[4/9] chapters\03-graphs.qmd


processing file: 03-graphs.qmd
1/21                       
2/21 [setup-data]          
3/21                       
4/21 [fig-bar-transport]   
5/21                       
6/21 [fig-dotplot-study]   
7/21                       
8/21 [fig-histogram-height]
9/21                       
10/21 [fig-shape-examples]  
11/21                       
12/21 [fig-boxplot]         
13/21                       
14/21 [fig-boxplot-anatomy] 
15/21                       
16/21 [stem-leaf-scores]    
17/21                       
18/21 [fig-scatter]         
19/21                       
20/21 [fig-pie]             
21/21                       
output file: 03-graphs.knit.md

[5/9] chapters\04-measures.qmd


processing file: 04-measures.qmd
1/23                         
2/23 [setup-scores]          
3/23                         
4/23 [median-demo]           
5/23                         
6/23 [mode-demo]             
7/23                         
8/23 [fig-mean-vs-median]    
9/23                         
10/23 [range-demo]            
11/23                         
12/23 [quartiles-demo]        
13/23                         
14/23 [sd-demo]               
15/23                         
16/23 [comparing-groups-setup]
17/23                         
18/23 [fig-compare-boxplot]   
19/23                         
20/23 [summary-table]         
21/23                         
22/23 [outlier-detection]     
23/23                         
output file: 04-measures.knit.md

[6/9] chapters\05-probability.qmd


processing file: 05-probability.qmd
1/17                      
2/17 [fig-prob-scale]     
3/17                      
4/17 [die-probability]    
5/17                      
6/17 [complement-example] 
7/17                      
8/17 [fig-coin-simulation]
9/17                      
10/17 [two-way-table]      
11/17                      
12/17 [two-way-probs]      
13/17                      
14/17 [fig-tree-diagram]   
15/17                      
16/17 [expected-value]     
17/17                      
output file: 05-probability.knit.md

[7/9] chapters\06-inference.qmd


processing file: 06-inference.qmd
1/9                      
2/9 [fig-bias-types]     
3/9                      
4/9 [fig-sample-size]    
5/9                      
6/9 [fig-spurious]       
7/9                      
8/9 [fig-misleading-axis]
9/9                      
output file: 06-inference.knit.md

[8/9] chapters\07-practice.qmd


processing file: 07-practice.qmd
1/11                              
2/11 [practice-data-achieved]     
3/11                              
4/11 [practice-solutions-achieved]
5/11                              
6/11 [practice-data-merit]        
7/11                              
8/11 [fig-merit-boxplot]          
9/11                              
10/11 [formulas-table]             
11/11                              
output file: 07-practice.knit.md

[9/9] references.qmd

pandoc 
  to: latex
  output-file: index.tex
  standalone: true
  toc: true
  number-sections: true
  top-level-division: chapter
  pdf-engine: xelatex
  variables:
    graphics: true
    tables: true
  default-image-extension: pdf
  toc-depth: 2
  
metadata
  crossref:
    chapters: true
  documentclass: scrbook
  papersize: a4
  block-headings: true
  bibliography:
    - references.bib
  knitr:
    opts_chunk:
      comment: '#>'
      collapse: true
  classoption:
    - oneside
    - open=any
  fontsize: 11pt
  geometry:
    - top=25mm
    - bottom=28mm
    - left=28mm
    - right=22mm
    - headsep=8mm
  mainfont: Latin Modern Roman
  sansfont: Latin Modern Sans
  monofont: Latin Modern Mono
  lof: true
  lot: true
  colorlinks: true
  title: 'AS91946: Interpret and Apply Mathematical and Statistical Information'
  subtitle: NCEA Level 1 Statistics — Year 11
  author: Anthony R Davidson
  date: '2026-07-11T00:00:00+12:00'
  date-format: MMMM YYYY
  description: |
    A comprehensive resource for the New Zealand Achievement Standard 91946
    (Level 1, 4 credits). This book covers interpreting and applying
    mathematical and statistical information in real-world contexts.
  

Rendering PDF
running xelatex - 1
  This is XeTeX, Version 3.141592653-2.6-0.999997 (TeX Live 2025) (preloaded format=xelatex)
   restricted \write18 enabled.
  entering extended mode
  
updating tlmgr

updating existing packages
finding package for microtype.sty
> 1 package to install
> installing microtype (1 of 1)
  This is XeTeX, Version 3.141592653-2.6-0.999997 (TeX Live 2025) (preloaded format=xelatex)
   restricted \write18 enabled.
  entering extended mode
  
finding package for microtype.sty
ERROR: 
compilation failed- package installation error
LaTeX Error: File `microtype.sty' not found.

Type X to quit or <RETURN> to proceed,
or enter new name. (Default extension: sty)

Enter file name: 
! Emergency stop.
<read *> 
         
l.156 \usepackage
                 {booktabs}^^M
*** (cannot \read from terminal in nonstop modes)

 

see C:\Users\antho\Documents\AS91946_Interpret_and_apply_stats_1_3\index.log for more information.
WARN: Error encountered when rendering files
